[2026-08-22 21:42:45,413] [INFO] [leetcode_tracker]: [CANONICAL_PIPELINE] Starting streaming per-student sync for 1395 students (Job: SYNC-1787395365)
[2026-08-22 21:42:56,395] [WARNING] [leetcode_tracker]: [TIMEOUT] LeueJEWPmY/userPublicProfile attempt 1
[2026-08-22 21:44:14,753] [INFO] [leetcode_tracker]: [CANONICAL_PIPELINE] Streaming sync completed in 1005.8s. Synced=1270, Invalid=0, Pending=10, Failed=115
[2026-08-22 21:44:14,769] [INFO] [leetcode_tracker]: [SYNC] Application cache invalidated post-sync.
[2026-08-22 21:44:14,784] [INFO] [leetcode_tracker]: WebSocket client disconnected. Remaining clients: 6
[2026-08-22 21:44:14,784] [INFO] [leetcode_tracker]: WebSocket client disconnected. Remaining clients: 5
[2026-08-22 21:44:14,785] [INFO] [leetcode_tracker]: WebSocket client disconnected. Remaining clients: 4
[2026-08-22 21:44:14,785] [INFO] [leetcode_tracker]: WebSocket client disconnected. Remaining clients: 3
[2026-08-22 21:44:14,786] [INFO] [leetcode_tracker]: WebSocket client disconnected. Remaining clients: 2
[2026-08-22 21:44:14,786] [INFO] [leetcode_tracker]: WebSocket client disconnected. Remaining clients: 1
[2026-08-22 21:44:14,786] [INFO] [leetcode_tracker]: WebSocket client disconnected. Remaining clients: 0
[2026-08-22 21:44:14,804] [INFO] [leetcode_tracker]: [STARTUP] Starting background scheduler...
[2026-08-22 21:44:14,809] [INFO] [leetcode_tracker]: APScheduler started [Asia/Kolkata]: Sun 8:00 AM Start, 9:30 AM End, 9:45 AM Public Report, 10:00 AM Sunday Report + TRACKER Dual-Sync Morning, 10:00 PM Virtual Final + TRACKER Dual-Sync Evening, 5m Discovery, 1h Verification, 2am Rating Updater registered.
[2026-08-22 21:44:14,818] [INFO] [leetcode_tracker]: Registered APScheduler job 'sunday_auto_email_945' for sunday 09:45 IST (replace_existing=True)
[2026-08-22 21:44:14,821] [INFO] [leetcode_tracker]: [READY] LeetCode Tracker API is fully ready & background engines active.
[2026-08-22 21:44:15,935] [INFO] [leetcode_tracker]: [SHUTDOWN] FastAPI process receiving termination signal. Releasing resources gracefully...
[2026-08-22 21:44:15,936] [INFO] [leetcode_tracker]: [SHUTDOWN] Graceful shutdown complete.
[2026-08-22 21:44:43,069] [INFO] [leetcode_tracker]: [CANONICAL_PIPELINE] Recalculating college/department/year rankings post-sync...
[2026-08-22 21:44:43,070] [INFO] [leetcode_tracker]: Recalculating multi-level rankings for week 34 (2026-27)...
[2026-08-22 21:44:45,062] [INFO] [leetcode_tracker]: Multi-level rankings and badges successfully updated!
[2026-08-22 21:44:46,316] [INFO] [leetcode_tracker]: [MENTORING_ASSIGNED] Faculty ID: 86 assigned 1 students. Active: 20/20.
[2026-08-22 21:44:46,366] [INFO] [leetcode_tracker]: [AUTOPILOT_0935] Starting Multi-Format Report Generation...
[2026-08-22 21:44:54,253] [INFO] [leetcode_tracker]: [AUTOPILOT_0935] Reports Generated Successfully:
  - Excel: E:\Leetcode Web\reports\LeetCode_Weekly_Report_23-08-2026.xlsx (485,728 bytes)
  - PDF:   E:\Leetcode Web\reports\LeetCode_Weekly_Report_23-08-2026.pdf (65,499 bytes)
  - Word:  E:\Leetcode Web\reports\LeetCode_Weekly_Report_23-08-2026.docx (194,868 bytes)
[2026-08-22 21:44:54,254] [INFO] [leetcode_tracker]: [AUTOPILOT_0755] Starting Pre-Contest Discovery and Roster Freeze...
[2026-08-22 21:44:54,283] [INFO] [leetcode_tracker]: [AUTOPILOT_0755] Completed. Contest: Trigger Test Contest (23.08.2026) | Active Students: 1395 | Valid: 1386 | Missing Username: 9
[2026-08-22 21:44:54,286] [INFO] [leetcode_tracker]: [AUTOPILOT_0800] Starting Baseline Snapshot & Live Mode Activation...
[2026-08-22 21:44:54,855] [INFO] [leetcode_tracker]: 08:00 AM Start Snapshot initialized for Session ID 22 with 1395 students.
[2026-08-22 21:44:54,859] [INFO] [leetcode_tracker]: [AUTOPILOT_0800] Baseline created for session 22. Status: LIVE
[2026-08-22 21:44:54,860] [INFO] [leetcode_tracker]: [AUTOPILOT_0930] Starting Final Snapshot, Reconciliation & Immutability Lock...
[2026-08-22 21:44:54,866] [INFO] [leetcode_tracker]: Session ID 22 is already FINALIZED.
[2026-08-22 21:44:54,868] [INFO] [leetcode_tracker]: [AUTOPILOT_0930] Contest 22 FINALIZED. Metrics: {'totalStudents': 302, 'officialAttended': 99}
[2026-08-22 21:44:54,868] [INFO] [leetcode_tracker]: [AUTOPILOT_2200] Starting End-of-Day Virtual Contest Sync & Reconciliation...
[2026-08-22 21:44:55,370] [INFO] [leetcode_tracker]: Generated 10:00 PM Final Combined Contest report email for 2026-08-22. Attachments: reports/Virtual_Contest_2026-08-22.xlsx, reports/Contest_Combined_2026-08-22.xlsx
[2026-08-22 21:44:55,374] [INFO] [leetcode_tracker]: [AUTOPILOT_2200] Virtual Contest Workflow Completed: {'workflow': 'SUNDAY_2200_VIRTUAL_CONTEST', 'status': 'COMPLETED', 'total_processed': 1395, 'virtual_excel_path': 'reports/Virtual_Contest_2026-08-22.xlsx', 'combined_excel_path': 'reports/Contest_Combined_2026-08-22.xlsx', 'virtual_summary': {'q4': 0, 'q3': 0, 'q2': 0, 'q1': 0, 'not_attended': 1395, 'fetch_failed': 0, 'mode_uncertain': 0}}
[2026-08-22 21:44:55,374] [INFO] [leetcode_tracker]: [AUTOPILOT_0935] Starting Multi-Format Report Generation...
[2026-08-22 21:45:03,230] [INFO] [leetcode_tracker]: [AUTOPILOT_0935] Reports Generated Successfully:
  - Excel: E:\Leetcode Web\reports\LeetCode_Weekly_Report_23-08-2026.xlsx (485,728 bytes)
  - PDF:   E:\Leetcode Web\reports\LeetCode_Weekly_Report_23-08-2026.pdf (65,499 bytes)
  - Word:  E:\Leetcode Web\reports\LeetCode_Weekly_Report_23-08-2026.docx (194,868 bytes)
